
s
location: r2
itemsInHand: 
stunRemaining: 3
Game over
