
r2
neighbours: r1, 
peopleInRoom: c, 
itemsInRoom: 
gas: false
cursed: false
capacity: 3
curseActive: false
stickiness: 0
